Launching lib\main.dart on Chrome in debug mode...
Waiting for connection from debug service on Chrome...             27.3s

Flutter run key commands.
r Hot reload. 
R Hot restart.
h List all available interactive commands.
d Detach (terminate "flutter run" but leave application running).
c Clear the screen
q Quit (terminate the application on the device).

Debug service listening on ws://127.0.0.1:50325/IaqYuUktuQQ=/ws
A Dart VM Service on Chrome is available at: http://127.0.0.1:50325/IaqYuUktuQQ=
The Flutter DevTools debugger and profiler on Chrome is available at: http://127.0.0.1:50325/IaqYuUktuQQ=/devtools/?uri=ws://127.0.0.1:50325/IaqYuUktuQQ=/ws
Starting application from main method in: org-dartlang-app:/web_entrypoint.dart.
SupabaseConfig.initialize (usingEnv=false)
supabase.supabase_flutter: INFO: ***** Supabase init completed ***** 
AuthService.signInWithEmail failed: AuthRetryableFetchException(message: ClientException: Failed to fetch, uri=https://wzcuxarslnbvaosuqduu.supabase.co/auth/v1/token?grant_type=password, statusCode: null)
Sign in failed: AuthRetryableFetchException(message: ClientException: Failed to fetch, uri=https://wzcuxarslnbvaosuqduu.supabase.co/auth/v1/token?grant_type=password, statusCode: null)
AuthService.signInWithEmail failed: AuthRetryableFetchException(message: ClientException: Failed to fetch, uri=https://wzcuxarslnbvaosuqduu.supabase.co/auth/v1/token?grant_type=password, statusCode: null)
Sign in failed: AuthRetryableFetchException(message: ClientException: Failed to fetch, uri=https://wzcuxarslnbvaosuqduu.supabase.co/auth/v1/token?grant_type=password, statusCode: null)
AuthService.signInWithEmail failed: AuthRetryableFetchException(message: ClientException: Failed to fetch, uri=https://wzcuxarslnbvaosuqduu.supabase.co/auth/v1/token?grant_type=password, statusCode: null)
Sign in failed: AuthRetryableFetchException(message: ClientException: Failed to fetch, uri=https://wzcuxarslnbvaosuqduu.supabase.co/auth/v1/token?grant_type=password, statusCode: null)
AuthService.sendPasswordReset failed: AuthRetryableFetchException(message: ClientException: Failed to fetch, uri=https://wzcuxarslnbvaosuqduu.supabase.co/auth/v1/recover?, statusCode: null)
Forgot password failed: AuthRetryableFetchException(message: ClientException: Failed to fetch, uri=https://wzcuxarslnbvaosuqduu.supabase.co/auth/v1/recover?, statusCode: null)
AuthService.sendPasswordReset failed: AuthRetryableFetchException(message: ClientException: Failed to fetch, uri=https://wzcuxarslnbvaosuqduu.supabase.co/auth/v1/recover?, statusCode: null)
Forgot password failed: AuthRetryableFetchException(message: ClientException: Failed to fetch, uri=https://wzcuxarslnbvaosuqduu.supabase.co/auth/v1/recover?, statusCode: null)
AuthService.sendPasswordReset failed: AuthRetryableFetchException(message: ClientException: Failed to fetch, uri=https://wzcuxarslnbvaosuqduu.supabase.co/auth/v1/recover?, statusCode: null)
Forgot password failed: AuthRetryableFetchException(message: ClientException: Failed to fetch, uri=https://wzcuxarslnbvaosuqduu.supabase.co/auth/v1/recover?, statusCode: null)
AuthService.sendPasswordReset failed: AuthRetryableFetchException(message: ClientException: Failed to fetch, uri=https://wzcuxarslnbvaosuqduu.supabase.co/auth/v1/recover?, statusCode: null)
Forgot password failed: AuthRetryableFetchException(message: ClientException: Failed to fetch, uri=https://wzcuxarslnbvaosuqduu.supabase.co/auth/v1/recover?, statusCode: null)
AuthService.signInWithEmail failed: AuthRetryableFetchException(message: ClientException: Failed to fetch, uri=https://wzcuxarslnbvaosuqduu.supabase.co/auth/v1/token?grant_type=password, statusCode: null)
Sign in failed: AuthRetryableFetchException(message: ClientException: Failed to fetch, uri=https://wzcuxarslnbvaosuqduu.supabase.co/auth/v1/token?grant_type=password, statusCode: null)
AuthService.signInWithEmail failed: AuthRetryableFetchException(message: ClientException: Failed to fetch, uri=https://wzcuxarslnbvaosuqduu.supabase.co/auth/v1/token?grant_type=password, statusCode: null)
Sign in failed: AuthRetryableFetchException(message: ClientException: Failed to fetch, uri=https://wzcuxarslnbvaosuqduu.supabase.co/auth/v1/token?grant_type=password, statusCode: null)
HomeHubScreen loaded profile: id=d9fa2f57-ef5f-4ed2-b74f-fa6336058d9c, username=moname, bio=is this working, needsOnboarding=false
AppProvider._syncCurrentUserFromSupabase loaded profile: id=d9fa2f57-ef5f-4ed2-b74f-fa6336058d9c, username=moname, bio=is this working
CompatibilityService.getQuizResults source=real_persisted count=1
HomeFeedScreen._loadInitialPosts posts=1
HomeFeedScreen._loadInitialPosts firstPostId=2a8cdfa7-b58c-4824-a420-94bad173d293
CompatibilityService.getQuizResults source=real_persisted count=1
CompatibilityService.getQuizResults source=real_persisted count=1
CompatibilityService.getQuizResults source=real_persisted count=1
CompatibilityService.getQuizResults source=real_persisted count=1
[Sync._load] setState() called after dispose(): _SyncScreenState#efb93(lifecycle state: defunct, not mounted)
This error happens if you call setState() on a State object for a widget that no longer appears in the widget tree (e.g., whose parent widget no longer includes the widget in its build). This error can occur when code calls setState() from a timer or an animation callback.
The preferred solution is to cancel the timer or stop listening to the animation in the dispose() callback. Another solution is to check the "mounted" property of this object before calling setState() to ensure the object is still in the tree.
This error might indicate a memory leak if setState() is being called because another object is retaining a reference to this State object after it has been removed from the tree. To avoid memory leaks, consider breaking the reference to this object during dispose().
DartError: setState() called after dispose(): _SyncScreenState#efb93(lifecycle state: defunct, not mounted)
This error happens if you call setState() on a State object for a widget that no longer appears in the widget tree (e.g., whose parent widget no longer includes the widget in its build). This error can occur when code calls setState() from a timer or an animation callback.
The preferred solution is to cancel the timer or stop listening to the animation in the dispose() callback. Another solution is to check the "mounted" property of this object before calling setState() to ensure the object is still in the tree.
This error might indicate a memory leak if setState() is being called because another object is retaining a reference to this State object after it has been removed from the tree. To avoid memory leaks, consider breaking the reference to this object during dispose().
dart-sdk/lib/_internal/js_dev_runtime/private/ddc_runtime/errors.dart 274:3       throw_
package:flutter/src/widgets/framework.dart 1163:9                                 <fn>
package:flutter/src/widgets/framework.dart 1197:14                                setState
package:trulura/screens/sync/sync_screen.dart 110:7                               <fn>
dart-sdk/lib/_internal/js_dev_runtime/patch/async_patch.dart 623:19               <fn>
dart-sdk/lib/_internal/js_dev_runtime/patch/async_patch.dart 648:23               <fn>
dart-sdk/lib/_internal/js_dev_runtime/patch/async_patch.dart 594:19               <fn>
dart-sdk/lib/async/zone.dart 962:54                                               runUnary
dart-sdk/lib/async/future_impl.dart 222:18                                        handleValue
dart-sdk/lib/async/future_impl.dart 948:44                                        handleValueCallback
dart-sdk/lib/async/future_impl.dart 977:13                                        _propagateToListeners
dart-sdk/lib/async/future_impl.dart 720:5                                         [_completeWithValue]
dart-sdk/lib/_internal/js_dev_runtime/patch/async_patch.dart 504:7                complete
dart-sdk/lib/_internal/js_dev_runtime/patch/async_patch.dart 571:12               _asyncReturn
package:trulura/services/sync_service/sync_service.dart 203:3                     <fn>
dart-sdk/lib/_internal/js_dev_runtime/patch/async_patch.dart 623:19               <fn>
dart-sdk/lib/_internal/js_dev_runtime/patch/async_patch.dart 648:23               <fn>
dart-sdk/lib/_internal/js_dev_runtime/patch/async_patch.dart 594:19               <fn>
dart-sdk/lib/async/zone.dart 962:54                                               runUnary
dart-sdk/lib/async/future_impl.dart 222:18                                        handleValue
dart-sdk/lib/async/future_impl.dart 948:44                                        handleValueCallback
dart-sdk/lib/async/future_impl.dart 977:13                                        _propagateToListeners
dart-sdk/lib/async/future_impl.dart 543:9                                         <fn>
dart-sdk/lib/async/schedule_microtask.dart 40:34                                  _microtaskLoop
dart-sdk/lib/async/schedule_microtask.dart 49:5                                   _startMicrotaskLoop
dart-sdk/lib/_internal/js_dev_runtime/private/ddc_runtime/operations.dart 118:77  tear
dart-sdk/lib/_internal/js_dev_runtime/patch/async_patch.dart 188:69               <fn>
CompatibilityService.getQuizResults source=real_persisted count=1
UserService._persistProfile saved base profile: {id: d9fa2f57-ef5f-4ed2-b74f-fa6336058d9c, username: moname, display_name: Darcell, bio: is this working, about_me: is this working, profile_photo_url: https://scontent.fagc1-1.fna.fbcdn.net/v/t39.30808-1/557747079_1319740436304373_8417564473475767136_n.jpg?stp=dst-jpg_s200x200_tt6&_nc_cat=105&ccb=1-7&_nc_sid=1d2534&_nc_ohc=68QUtIvD4CAQ7kNvwGyKIvY&_nc_oc=Adql2Px9F1Wm26trRAj8v6WyRE4uzU16P7Hwfu18BB6F5hXV_zJK2bIK309Guw3kpkJj2OzWxeq0GJYGLKi8FLHp&_nc_zt=24&_nc_ht=scontent.fagc1-1.fna&_nc_gid=quKpgVelDXdrj444RDFkww&_nc_ss=7a3a8&oh=00_Af2NgiOBmhkARdgFIQYnDWwbhl3qNBRFPQz-woF2baJL8w&oe=69E0DC32, avatar_url: https://scontent.fagc1-1.fna.fbcdn.net/v/t39.30808-1/557747079_1319740436304373_8417564473475767136_n.jpg?stp=dst-jpg_s200x200_tt6&_nc_cat=105&ccb=1-7&_nc_sid=1d2534&_nc_ohc=68QUtIvD4CAQ7kNvwGyKIvY&_nc_oc=Adql2Px9F1Wm26trRAj8v6WyRE4uzU16P7Hwfu18BB6F5hXV_zJK2bIK309Guw3kpkJj2OzWxeq0GJYGLKi8FLHp&_nc_zt=24&_nc_ht=scontent.fagc1-1.fna&_nc_gid=quKpgVelDXdrj444RDFkww&_nc_ss=7a3a8&oh=00_Af2NgiOBmhkARdgFIQYnDWwbhl3qNBRFPQz-woF2baJL8w&oe=69E0DC32, vibe_status: grounded, updated_at: 2026-05-07T13:27:20.957}
CompatibilityService.getQuizResults source=real_persisted count=1
AppProvider._syncCurrentUserFromSupabase loaded profile: id=d9fa2f57-ef5f-4ed2-b74f-fa6336058d9c, username=moname, bio=is this working
UserService._persistProfile saved base profile: {id: d9fa2f57-ef5f-4ed2-b74f-fa6336058d9c, username: moname, display_name: Darcell, bio: is this working, about_me: is this working, profile_photo_url: https://scontent.fagc1-1.fna.fbcdn.net/v/t39.30808-1/557747079_1319740436304373_8417564473475767136_n.jpg?stp=dst-jpg_s200x200_tt6&_nc_cat=105&ccb=1-7&_nc_sid=1d2534&_nc_ohc=68QUtIvD4CAQ7kNvwGyKIvY&_nc_oc=Adql2Px9F1Wm26trRAj8v6WyRE4uzU16P7Hwfu18BB6F5hXV_zJK2bIK309Guw3kpkJj2OzWxeq0GJYGLKi8FLHp&_nc_zt=24&_nc_ht=scontent.fagc1-1.fna&_nc_gid=quKpgVelDXdrj444RDFkww&_nc_ss=7a3a8&oh=00_Af2NgiOBmhkARdgFIQYnDWwbhl3qNBRFPQz-woF2baJL8w&oe=69E0DC32, avatar_url: https://scontent.fagc1-1.fna.fbcdn.net/v/t39.30808-1/557747079_1319740436304373_8417564473475767136_n.jpg?stp=dst-jpg_s200x200_tt6&_nc_cat=105&ccb=1-7&_nc_sid=1d2534&_nc_ohc=68QUtIvD4CAQ7kNvwGyKIvY&_nc_oc=Adql2Px9F1Wm26trRAj8v6WyRE4uzU16P7Hwfu18BB6F5hXV_zJK2bIK309Guw3kpkJj2OzWxeq0GJYGLKi8FLHp&_nc_zt=24&_nc_ht=scontent.fagc1-1.fna&_nc_gid=quKpgVelDXdrj444RDFkww&_nc_ss=7a3a8&oh=00_Af2NgiOBmhkARdgFIQYnDWwbhl3qNBRFPQz-woF2baJL8w&oe=69E0DC32, vibe_status: grounded, updated_at: 2026-05-07T13:27:27.565}
CompatibilityService.getQuizResults source=real_persisted count=1
AppProvider._syncCurrentUserFromSupabase loaded profile: id=d9fa2f57-ef5f-4ed2-b74f-fa6336058d9c, username=moname, bio=is this working
Error while trying to load an asset: Flutter Web engine failed to fetch "assets/https%253A//scontent.fagc1-1.fna.fbcdn.net/v/t39.30808-1/557747079_1319740436304373_8417564473475767136_n.jpg%253Fstp=dst-jpg_s200x200_tt6&_nc_cat=105&ccb=1-7&_nc_sid=1d2534&_nc_ohc=68QUtIvD4CAQ7kNvwGyKIvY&_nc_oc=Adql2Px9F1Wm26trRAj8v6WyRE4uzU16P7Hwfu18BB6F5hXV_zJK2bIK309Guw3kpkJj2OzWxeq0GJYGLKi8FLHp&_nc_zt=24&_nc_ht=scontent.fagc1-1.fna&_nc_gid=quKpgVelDXdrj444RDFkww&_nc_ss=7a3a8&oh=00_Af2NgiOBmhkARdgFIQYnDWwbhl3qNBRFPQz-woF2baJL8w&oe=69E0DC32". HTTP request succeeded, but the server responded with HTTP status 404.
══╡ EXCEPTION CAUGHT BY IMAGE RESOURCE SERVICE ╞════════════════════════════════════════════════════
The following assertion was thrown resolving an image codec:
Unable to load asset:
"https://scontent.fagc1-1.fna.fbcdn.net/v/t39.30808-1/557747079_1319740436304373_8417564473475767136_n.jpg?stp=dst-jpg_s200x200_tt6&_nc_cat=105&ccb=1-7&_nc_sid=1d2534&_nc_ohc=68QUtIvD4CAQ7kNvwGyKIvY&_nc_oc=Adql2Px9F1Wm26trRAj8v6WyRE4uzU16P7Hwfu18BB6F5hXV_zJK2bIK309Guw3kpkJj2OzWxeq0GJYGLKi8FLHp&_nc_zt=24&_nc_ht=scontent.fagc1-1.fna&_nc_gid=quKpgVelDXdrj444RDFkww&_nc_ss=7a3a8&oh=00_Af2NgiOBmhkARdgFIQYnDWwbhl3qNBRFPQz-woF2baJL8w&oe=69E0DC32".
The asset does not exist or has empty data.

When the exception was thrown, this was the stack:
dart-sdk/lib/_internal/js_dev_runtime/private/ddc_runtime/errors.dart 274:3       throw_
package:flutter/src/services/asset_bundle.dart 332:13                             <fn>
dart-sdk/lib/async/zone.dart 962:54                                               runUnary
dart-sdk/lib/async/future_impl.dart 222:18                                        handleValue
dart-sdk/lib/async/future_impl.dart 948:44                                        handleValueCallback
dart-sdk/lib/async/future_impl.dart 977:13                                        _propagateToListeners
dart-sdk/lib/async/future_impl.dart 720:5                                         [_completeWithValue]
dart-sdk/lib/async/future_impl.dart 804:7                                         <fn>
dart-sdk/lib/async/schedule_microtask.dart 40:34                                  _microtaskLoop
dart-sdk/lib/async/schedule_microtask.dart 49:5                                   _startMicrotaskLoop
dart-sdk/lib/_internal/js_dev_runtime/private/ddc_runtime/operations.dart 118:77  tear
dart-sdk/lib/_internal/js_dev_runtime/patch/async_patch.dart 188:69               <fn>

Image provider: AssetImage(bundle: null, name:
  "https://scontent.fagc1-1.fna.fbcdn.net/v/t39.30808-1/557747079_1319740436304373_8417564473475767136_n.jpg?stp=dst-jpg_s200x200_tt6&_nc_cat=105&ccb=1-7&_nc_sid=1d2534&_nc_ohc=68QUtIvD4CAQ7kNvwGyKIvY&_nc_oc=Adql2Px9F1Wm26trRAj8v6WyRE4uzU16P7Hwfu18BB6F5hXV_zJK2bIK309Guw3kpkJj2OzWxeq0GJYGLKi8FLHp&_nc_zt=24&_nc_ht=scontent.fagc1-1.fna&_nc_gid=quKpgVelDXdrj444RDFkww&_nc_ss=7a3a8&oh=00_Af2NgiOBmhkARdgFIQYnDWwbhl3qNBRFPQz-woF2baJL8w&oe=69E0DC32")
Image key: AssetBundleImageKey(bundle: PlatformAssetBundle#88075(), name:
  "https://scontent.fagc1-1.fna.fbcdn.net/v/t39.30808-1/557747079_1319740436304373_8417564473475767136_n.jpg?stp=dst-jpg_s200x200_tt6&_nc_cat=105&ccb=1-7&_nc_sid=1d2534&_nc_ohc=68QUtIvD4CAQ7kNvwGyKIvY&_nc_oc=Adql2Px9F1Wm26trRAj8v6WyRE4uzU16P7Hwfu18BB6F5hXV_zJK2bIK309Guw3kpkJj2OzWxeq0GJYGLKi8FLHp&_nc_zt=24&_nc_ht=scontent.fagc1-1.fna&_nc_gid=quKpgVelDXdrj444RDFkww&_nc_ss=7a3a8&oh=00_Af2NgiOBmhkARdgFIQYnDWwbhl3qNBRFPQz-woF2baJL8w&oe=69E0DC32",
  scale: 1)
════════════════════════════════════════════════════════════════════════════════════════════════════
Error while trying to load an asset: Flutter Web engine failed to fetch "assets/https%253A//scontent.fagc1-1.fna.fbcdn.net/v/t39.30808-1/557747079_1319740436304373_8417564473475767136_n.jpg%253Fstp=dst-jpg_s200x200_tt6&_nc_cat=105&ccb=1-7&_nc_sid=1d2534&_nc_ohc=68QUtIvD4CAQ7kNvwGyKIvY&_nc_oc=Adql2Px9F1Wm26trRAj8v6WyRE4uzU16P7Hwfu18BB6F5hXV_zJK2bIK309Guw3kpkJj2OzWxeq0GJYGLKi8FLHp&_nc_zt=24&_nc_ht=scontent.fagc1-1.fna&_nc_gid=quKpgVelDXdrj444RDFkww&_nc_ss=7a3a8&oh=00_Af2NgiOBmhkARdgFIQYnDWwbhl3qNBRFPQz-woF2baJL8w&oe=69E0DC32". HTTP request succeeded, but the server responded with HTTP status 404.
Another exception was thrown: Unable to load asset: "https://scontent.fagc1-1.fna.fbcdn.net/v/t39.30808-1/557747079_1319740436304373_8417564473475767136_n.jpg?stp=dst-jpg_s200x200_tt6&_nc_cat=105&ccb=1-7&_nc_sid=1d2534&_nc_ohc=68QUtIvD4CAQ7kNvwGyKIvY&_nc_oc=Adql2Px9F1Wm26trRAj8v6WyRE4uzU16P7Hwfu18BB6F5hXV_zJK2bIK309Guw3kpkJj2OzWxeq0GJYGLKi8FLHp&_nc_zt=24&_nc_ht=scontent.fagc1-1.fna&_nc_gid=quKpgVelDXdrj444RDFkww&_nc_ss=7a3a8&oh=00_Af2NgiOBmhkARdgFIQYnDWwbhl3qNBRFPQz-woF2baJL8w&oe=69E0DC32".
Error while trying to load an asset: Flutter Web engine failed to fetch "assets/https%253A//scontent.fagc1-1.fna.fbcdn.net/v/t39.30808-1/557747079_1319740436304373_8417564473475767136_n.jpg%253Fstp=dst-jpg_s200x200_tt6&_nc_cat=105&ccb=1-7&_nc_sid=1d2534&_nc_ohc=68QUtIvD4CAQ7kNvwGyKIvY&_nc_oc=Adql2Px9F1Wm26trRAj8v6WyRE4uzU16P7Hwfu18BB6F5hXV_zJK2bIK309Guw3kpkJj2OzWxeq0GJYGLKi8FLHp&_nc_zt=24&_nc_ht=scontent.fagc1-1.fna&_nc_gid=quKpgVelDXdrj444RDFkww&_nc_ss=7a3a8&oh=00_Af2NgiOBmhkARdgFIQYnDWwbhl3qNBRFPQz-woF2baJL8w&oe=69E0DC32". HTTP request succeeded, but the server responded with HTTP status 404.
Another exception was thrown: Unable to load asset: "https://scontent.fagc1-1.fna.fbcdn.net/v/t39.30808-1/557747079_1319740436304373_8417564473475767136_n.jpg?stp=dst-jpg_s200x200_tt6&_nc_cat=105&ccb=1-7&_nc_sid=1d2534&_nc_ohc=68QUtIvD4CAQ7kNvwGyKIvY&_nc_oc=Adql2Px9F1Wm26trRAj8v6WyRE4uzU16P7Hwfu18BB6F5hXV_zJK2bIK309Guw3kpkJj2OzWxeq0GJYGLKi8FLHp&_nc_zt=24&_nc_ht=scontent.fagc1-1.fna&_nc_gid=quKpgVelDXdrj444RDFkww&_nc_ss=7a3a8&oh=00_Af2NgiOBmhkARdgFIQYnDWwbhl3qNBRFPQz-woF2baJL8w&oe=69E0DC32".
Another exception was thrown: The Scrollbar's ScrollController has no ScrollPosition attached.
Another exception was thrown: The Scrollbar's ScrollController has no ScrollPosition attached.
Another exception was thrown: The Scrollbar's ScrollController has no ScrollPosition attached.
Another exception was thrown: The Scrollbar's ScrollController has no ScrollPosition attached.
Another exception was thrown: The Scrollbar's ScrollController has no ScrollPosition attached.
Another exception was thrown: The Scrollbar's ScrollController has no ScrollPosition attached.
Another exception was thrown: The Scrollbar's ScrollController has no ScrollPosition attached.
Another exception was thrown: The Scrollbar's ScrollController has no ScrollPosition attached.
Another exception was thrown: The Scrollbar's ScrollController has no ScrollPosition attached.
Another exception was thrown: The Scrollbar's ScrollController has no ScrollPosition attached.
Another exception was thrown: The Scrollbar's ScrollController has no ScrollPosition attached.
Another exception was thrown: The Scrollbar's ScrollController has no ScrollPosition attached.
