Launching lib\main.dart on Chrome in debug mode...
Waiting for connection from debug service on Chrome...             29.2s

Flutter run key commands.
r Hot reload. 
R Hot restart.
h List all available interactive commands.
d Detach (terminate "flutter run" but leave application running).
c Clear the screen
q Quit (terminate the application on the device).

This app is linked to the debug service: ws://127.0.0.1:55255/nNrbSrSkBuI=/ws
Debug service listening on ws://127.0.0.1:55255/nNrbSrSkBuI=/ws
A Dart VM Service on Chrome is available at: http://127.0.0.1:55255/nNrbSrSkBuI=
The Flutter DevTools debugger and profiler on Chrome is available at: http://127.0.0.1:55255/nNrbSrSkBuI=/devtools/?uri=ws://127.0.0.1:55255/nNrbSrSkBuI=/ws
Starting application from main method in: org-dartlang-app:/web_entrypoint.dart.
SupabaseConfig.initialize (usingEnv=false)
supabase.supabase_flutter: INFO: ***** Supabase init completed ***** 
HomeHubScreen loaded profile: id=d9fa2f57-ef5f-4ed2-b74f-fa6336058d9c, username=moname, bio=is this working, needsOnboarding=false
AppProvider._syncCurrentUserFromSupabase loaded profile: id=d9fa2f57-ef5f-4ed2-b74f-fa6336058d9c, username=moname, bio=is this working
CompatibilityService.getQuizResults source=real_persisted count=1
HomeFeedScreen._loadInitialPosts posts=1
HomeFeedScreen._loadInitialPosts firstPostId=2a8cdfa7-b58c-4824-a420-94bad173d293
CompatibilityService.getQuizResults source=real_persisted count=1
CompatibilityService.getQuizResults source=real_persisted count=1
CompatibilityService.getQuizResults source=real_persisted count=1
